// Jest Snapshot v1, https://goo.gl/fbAQLP

exports[`App Component renders without crashing 1`] = `
<div
  className="container"
>
  <h1>
    Note Vote
  </h1>
</div>
`;
